
> arch-portfolio@0.1.0 build
> npx contentlayer2 build && next build

Contentlayer (Warning): Importing from `contentlayer/generated` might not work.
Config option `compilerOptions.baseUrl` not found in "tsconfig.json".

For more information see https://www.contentlayer.dev/docs/getting-started
To disable this warning you can set `disableImportAliasWarning: true` in your Contentlayer config.

Generated 5 documents in .contentlayer
 ⚠ Warning: Next.js inferred your workspace root, but it may not be correct.
 We detected multiple lockfiles and selected the directory of /Users/royestephane/package-lock.json as the root directory.
 To silence this warning, set `outputFileTracingRoot` in your Next.js config, or consider removing one of the lockfiles if it's not needed.
   See https://nextjs.org/docs/app/api-reference/config/next-config-js/output#caveats for more information.
 Detected additional lockfiles: 
   * /Users/royestephane/Documents/mkdp/package-lock.json

   ▲ Next.js 15.5.6

   Creating an optimized production build ...
(node:59732) ExperimentalWarning: Type Stripping is an experimental feature and might change at any time
(Use `node --trace-warnings ...` to show where the warning was created)
 ✓ Compiled successfully in 3.1s
   Linting and checking validity of types ...

./app/(site)/page.tsx
75:13  Warning: Using `<img>` could result in slower LCP and higher bandwidth. Consider using `<Image />` from `next/image` or a custom image loader to automatically optimize images. This may incur additional usage or cost from your provider. See: https://nextjs.org/docs/messages/no-img-element  @next/next/no-img-element
275:19  Warning: Using `<img>` could result in slower LCP and higher bandwidth. Consider using `<Image />` from `next/image` or a custom image loader to automatically optimize images. This may incur additional usage or cost from your provider. See: https://nextjs.org/docs/messages/no-img-element  @next/next/no-img-element

./app/(site)/projects/[slug]/page.tsx
47:9  Warning: Using `<img>` could result in slower LCP and higher bandwidth. Consider using `<Image />` from `next/image` or a custom image loader to automatically optimize images. This may incur additional usage or cost from your provider. See: https://nextjs.org/docs/messages/no-img-element  @next/next/no-img-element
242:21  Warning: Using `<img>` could result in slower LCP and higher bandwidth. Consider using `<Image />` from `next/image` or a custom image loader to automatically optimize images. This may incur additional usage or cost from your provider. See: https://nextjs.org/docs/messages/no-img-element  @next/next/no-img-element

./app/(site)/projects/page.tsx
24:9  Warning: 'availableTags' is assigned a value but never used.  @typescript-eslint/no-unused-vars
25:9  Warning: 'availableStatuses' is assigned a value but never used.  @typescript-eslint/no-unused-vars

./components/cards/ProjectCard.tsx
27:9  Warning: Using `<img>` could result in slower LCP and higher bandwidth. Consider using `<Image />` from `next/image` or a custom image loader to automatically optimize images. This may incur additional usage or cost from your provider. See: https://nextjs.org/docs/messages/no-img-element  @next/next/no-img-element

./components/cards/ProjectCardComparison.tsx
35:7  Warning: Using `<img>` could result in slower LCP and higher bandwidth. Consider using `<Image />` from `next/image` or a custom image loader to automatically optimize images. This may incur additional usage or cost from your provider. See: https://nextjs.org/docs/messages/no-img-element  @next/next/no-img-element
50:9  Warning: Using `<img>` could result in slower LCP and higher bandwidth. Consider using `<Image />` from `next/image` or a custom image loader to automatically optimize images. This may incur additional usage or cost from your provider. See: https://nextjs.org/docs/messages/no-img-element  @next/next/no-img-element

./components/compare/ComparisonSlider.tsx
100:9  Warning: Using `<img>` could result in slower LCP and higher bandwidth. Consider using `<Image />` from `next/image` or a custom image loader to automatically optimize images. This may incur additional usage or cost from your provider. See: https://nextjs.org/docs/messages/no-img-element  @next/next/no-img-element
128:9  Warning: Using `<img>` could result in slower LCP and higher bandwidth. Consider using `<Image />` from `next/image` or a custom image loader to automatically optimize images. This may incur additional usage or cost from your provider. See: https://nextjs.org/docs/messages/no-img-element  @next/next/no-img-element

./components/filters/FilterBar.tsx
16:3  Warning: 'availableYears' is defined but never used.  @typescript-eslint/no-unused-vars

./components/gallery/Gallery.tsx
7:10  Warning: 'Button' is defined but never used.  @typescript-eslint/no-unused-vars

./components/grid/ProjectGrid.tsx
3:10  Warning: 'Reveal' is defined but never used.  @typescript-eslint/no-unused-vars

./components/motion/PageTransition.tsx
3:18  Warning: 'AnimatePresence' is defined but never used.  @typescript-eslint/no-unused-vars

info  - Need to disable some ESLint rules? Learn more here: https://nextjs.org/docs/app/api-reference/config/eslint#disabling-rules
   Collecting page data ...

> Build error occurred
[Error: ENOENT: no such file or directory, open '/Users/royestephane/Documents/mkdp/.next/build-manifest.json'] {
  errno: -2,
  code: 'ENOENT',
  syscall: 'open',
  path: '/Users/royestephane/Documents/mkdp/.next/build-manifest.json'
}
